// Jest Snapshot v1, https://goo.gl/fbAQLP

exports[`Statement renders Statement correctly 1`] = `
Object {
  "asFragment": [Function],
  "baseElement": <body>
    <div>
      <div
        class="controlPanel"
      >
        <div
          class="incomeForm"
        >
          <form
            class="bordered"
          >
            <div
              class="flex"
            >
              <label
                for="title"
              >
                Статья дохода
              </label>
              <input
                class="bordered withoutTopBorder"
                id="title"
                name="title"
                required=""
                type="text"
              />
            </div>
            <div
              class="flex"
            >
              <label
                for="value"
              >
                Сумма
              </label>
              <input
                class="bordered withoutTopBorder"
                id="value"
                name="value"
                type="number"
              />
            </div>
            <div>
              <label
                for="isPassive"
              >
                Доход пассивный?
              </label>
              <select
                class="bordered withoutTopBorder"
                id="isPassive"
                name="isPassive"
              >
                <option
                  value="true"
                >
                  Да
                </option>
                <option
                  value="false"
                >
                  Нет
                </option>
              </select>
            </div>
            <button
              class="blackTitle blackButton font-18px"
            >
              Завести доход
            </button>
          </form>
        </div>
        <div
          class="undoRedoPanel"
        >
          <button
            class="blackTitle blackButton font-16px noLeftMargin"
          >
            Отменить
          </button>
          <button
            class="blackTitle blackButton font-16px noRightMargin"
          >
            Повторить
          </button>
        </div>
        <div
          class="expenseForm"
        >
          <form
            class="bordered"
          >
            <div
              class="flex"
            >
              <label
                for="title"
              >
                Статья расхода
              </label>
              <input
                class="bordered withoutTopBorder"
                id="title"
                name="title"
                required=""
                type="text"
              />
            </div>
            <div
              class="flex"
            >
              <label
                for="value"
              >
                Сумма
              </label>
              <input
                class="bordered withoutTopBorder"
                id="value"
                name="value"
                type="number"
              />
            </div>
            <button
              class="blackTitle blackButton font-18px"
            >
              Завести расход
            </button>
          </form>
        </div>
        <div
          class="undoRedoPanel"
        >
          <button
            class="blackTitle blackButton font-16px noLeftMargin"
          >
            Отменить
          </button>
          <button
            class="blackTitle blackButton font-16px noRightMargin"
          >
            Повторить
          </button>
        </div>
        <button
          class="blackTitle blackButton font-16px"
        >
          Сохранить PDF
        </button>
      </div>
      <div
        id="statementDocumentContainer"
      >
        <div
          id="statementDocument"
        >
          <h1>
            Отчет о Доходах и Расходах
          </h1>
          <div
            class="blackTitle font-20px"
          >
            Доходы
          </div>
          <div
            class="tableContent flex"
          >
            <div
              class="leftPart"
            >
              <div
                class="flex tableRow tableHeader bordered"
              >
                <div
                  class="leftSide"
                >
                  Описание
                </div>
                <div
                  class="rightSide"
                >
                  Доход
                </div>
              </div>
              <div
                class="flex tableRow bordered withoutTopBorder"
              >
                <div
                  class="leftSide"
                >
                  зарплата
                </div>
                <div
                  class="rightSide"
                >
                  300
                </div>
              </div>
              <div
                class="flex tableRow bordered withoutTopBorder"
              >
                <div
                  class="leftSide"
                >
                  недвижимость
                </div>
                <div
                  class="rightSide"
                >
                  200
                </div>
              </div>
            </div>
            <div
              class="rightPart flex bordered"
            >
              <div>
                <div>
                  <strong>
                    Пассивный доход: 
                  </strong>
                  200
                </div>
                <div>
                  <strong>
                    Общий доход: 
                  </strong>
                  500
                </div>
              </div>
            </div>
          </div>
          <div
            class="blackTitle font-20px"
          >
            Расходы
          </div>
          <div
            class="tableContent flex"
          >
            <div
              class="leftPart"
            >
              <div
                class="flex tableRow tableHeader bordered"
              >
                <div
                  class="leftSide"
                >
                  Описание
                </div>
                <div
                  class="rightSide"
                >
                  Расход
                </div>
              </div>
              <div
                class="flex tableRow bordered withoutTopBorder"
              >
                <div
                  class="leftSide"
                >
                  ипотека
                </div>
                <div
                  class="rightSide"
                >
                  200
                </div>
              </div>
              <div
                class="flex tableRow bordered withoutTopBorder"
              >
                <div
                  class="leftSide"
                >
                  кредит за обучение
                </div>
                <div
                  class="rightSide"
                >
                  100
                </div>
              </div>
            </div>
            <div
              class="rightPart flex bordered"
            >
              <div>
                <strong>
                  Общий расход: 
                </strong>
                300
              </div>
            </div>
          </div>
          <div
            class="cashFlowResult font-20px"
          >
            <strong>
              Ежемесячный денежный поток: 
            </strong>
            200
          </div>
        </div>
      </div>
    </div>
  </body>,
  "container": <div>
    <div
      class="controlPanel"
    >
      <div
        class="incomeForm"
      >
        <form
          class="bordered"
        >
          <div
            class="flex"
          >
            <label
              for="title"
            >
              Статья дохода
            </label>
            <input
              class="bordered withoutTopBorder"
              id="title"
              name="title"
              required=""
              type="text"
            />
          </div>
          <div
            class="flex"
          >
            <label
              for="value"
            >
              Сумма
            </label>
            <input
              class="bordered withoutTopBorder"
              id="value"
              name="value"
              type="number"
            />
          </div>
          <div>
            <label
              for="isPassive"
            >
              Доход пассивный?
            </label>
            <select
              class="bordered withoutTopBorder"
              id="isPassive"
              name="isPassive"
            >
              <option
                value="true"
              >
                Да
              </option>
              <option
                value="false"
              >
                Нет
              </option>
            </select>
          </div>
          <button
            class="blackTitle blackButton font-18px"
          >
            Завести доход
          </button>
        </form>
      </div>
      <div
        class="undoRedoPanel"
      >
        <button
          class="blackTitle blackButton font-16px noLeftMargin"
        >
          Отменить
        </button>
        <button
          class="blackTitle blackButton font-16px noRightMargin"
        >
          Повторить
        </button>
      </div>
      <div
        class="expenseForm"
      >
        <form
          class="bordered"
        >
          <div
            class="flex"
          >
            <label
              for="title"
            >
              Статья расхода
            </label>
            <input
              class="bordered withoutTopBorder"
              id="title"
              name="title"
              required=""
              type="text"
            />
          </div>
          <div
            class="flex"
          >
            <label
              for="value"
            >
              Сумма
            </label>
            <input
              class="bordered withoutTopBorder"
              id="value"
              name="value"
              type="number"
            />
          </div>
          <button
            class="blackTitle blackButton font-18px"
          >
            Завести расход
          </button>
        </form>
      </div>
      <div
        class="undoRedoPanel"
      >
        <button
          class="blackTitle blackButton font-16px noLeftMargin"
        >
          Отменить
        </button>
        <button
          class="blackTitle blackButton font-16px noRightMargin"
        >
          Повторить
        </button>
      </div>
      <button
        class="blackTitle blackButton font-16px"
      >
        Сохранить PDF
      </button>
    </div>
    <div
      id="statementDocumentContainer"
    >
      <div
        id="statementDocument"
      >
        <h1>
          Отчет о Доходах и Расходах
        </h1>
        <div
          class="blackTitle font-20px"
        >
          Доходы
        </div>
        <div
          class="tableContent flex"
        >
          <div
            class="leftPart"
          >
            <div
              class="flex tableRow tableHeader bordered"
            >
              <div
                class="leftSide"
              >
                Описание
              </div>
              <div
                class="rightSide"
              >
                Доход
              </div>
            </div>
            <div
              class="flex tableRow bordered withoutTopBorder"
            >
              <div
                class="leftSide"
              >
                зарплата
              </div>
              <div
                class="rightSide"
              >
                300
              </div>
            </div>
            <div
              class="flex tableRow bordered withoutTopBorder"
            >
              <div
                class="leftSide"
              >
                недвижимость
              </div>
              <div
                class="rightSide"
              >
                200
              </div>
            </div>
          </div>
          <div
            class="rightPart flex bordered"
          >
            <div>
              <div>
                <strong>
                  Пассивный доход: 
                </strong>
                200
              </div>
              <div>
                <strong>
                  Общий доход: 
                </strong>
                500
              </div>
            </div>
          </div>
        </div>
        <div
          class="blackTitle font-20px"
        >
          Расходы
        </div>
        <div
          class="tableContent flex"
        >
          <div
            class="leftPart"
          >
            <div
              class="flex tableRow tableHeader bordered"
            >
              <div
                class="leftSide"
              >
                Описание
              </div>
              <div
                class="rightSide"
              >
                Расход
              </div>
            </div>
            <div
              class="flex tableRow bordered withoutTopBorder"
            >
              <div
                class="leftSide"
              >
                ипотека
              </div>
              <div
                class="rightSide"
              >
                200
              </div>
            </div>
            <div
              class="flex tableRow bordered withoutTopBorder"
            >
              <div
                class="leftSide"
              >
                кредит за обучение
              </div>
              <div
                class="rightSide"
              >
                100
              </div>
            </div>
          </div>
          <div
            class="rightPart flex bordered"
          >
            <div>
              <strong>
                Общий расход: 
              </strong>
              300
            </div>
          </div>
        </div>
        <div
          class="cashFlowResult font-20px"
        >
          <strong>
            Ежемесячный денежный поток: 
          </strong>
          200
        </div>
      </div>
    </div>
  </div>,
  "debug": [Function],
  "findAllByAltText": [Function],
  "findAllByDisplayValue": [Function],
  "findAllByLabelText": [Function],
  "findAllByPlaceholderText": [Function],
  "findAllByRole": [Function],
  "findAllByTestId": [Function],
  "findAllByText": [Function],
  "findAllByTitle": [Function],
  "findByAltText": [Function],
  "findByDisplayValue": [Function],
  "findByLabelText": [Function],
  "findByPlaceholderText": [Function],
  "findByRole": [Function],
  "findByTestId": [Function],
  "findByText": [Function],
  "findByTitle": [Function],
  "getAllByAltText": [Function],
  "getAllByDisplayValue": [Function],
  "getAllByLabelText": [Function],
  "getAllByPlaceholderText": [Function],
  "getAllByRole": [Function],
  "getAllByTestId": [Function],
  "getAllByText": [Function],
  "getAllByTitle": [Function],
  "getByAltText": [Function],
  "getByDisplayValue": [Function],
  "getByLabelText": [Function],
  "getByPlaceholderText": [Function],
  "getByRole": [Function],
  "getByTestId": [Function],
  "getByText": [Function],
  "getByTitle": [Function],
  "queryAllByAltText": [Function],
  "queryAllByDisplayValue": [Function],
  "queryAllByLabelText": [Function],
  "queryAllByPlaceholderText": [Function],
  "queryAllByRole": [Function],
  "queryAllByTestId": [Function],
  "queryAllByText": [Function],
  "queryAllByTitle": [Function],
  "queryByAltText": [Function],
  "queryByDisplayValue": [Function],
  "queryByLabelText": [Function],
  "queryByPlaceholderText": [Function],
  "queryByRole": [Function],
  "queryByTestId": [Function],
  "queryByText": [Function],
  "queryByTitle": [Function],
  "rerender": [Function],
  "unmount": [Function],
}
`;
